VIN                CHECK  YEAR       MAKE           MODEL               TRIM
JM1BN1U70H1100922  ok     2017       MAZDA          Mazda3              Sport
1HGCM82633A004353  bad    2003       HONDA          Accord              EX-V6
JM1BN1U70H1100922  ok     2017       MAZDA          Mazda3              Sport
